Nothing to build in platform 'zynqbook_chapter1_platform'

18:26:54 **** Incremental Build of configuration Debug for project zynqbook_chapter1 ****
make all 
make --no-print-directory pre-build
a9-linaro-pre-build-step
 
make --no-print-directory main-build
Building file: ../src/LED_test_tut_1C.c
Invoking: ARM v7 gcc compiler
arm-none-eabi-gcc -Wall -O0 -g3 -c -fmessage-length=0 -MT"src/LED_test_tut_1C.o" -mcpu=cortex-a9 -mfpu=vfpv3 -mfloat-abi=hard -I/home/zynq-user/Industri-University_Course/Git/Zynq-Learning/zynq-tutorials/zynqbook_chapter1/zynqbook_chapter1_platform/export/zynqbook_chapter1_platform/sw/zynqbook_chapter1_platform/standalone_domain/bspinclude/include -MMD -MP -MF"src/LED_test_tut_1C.d" -MT"src/LED_test_tut_1C.o" -o "src/LED_test_tut_1C.o" "../src/LED_test_tut_1C.c"
Finished building: ../src/LED_test_tut_1C.c
 
Building target: zynqbook_chapter1.elf
Invoking: ARM v7 gcc linker
arm-none-eabi-gcc -mcpu=cortex-a9 -mfpu=vfpv3 -mfloat-abi=hard -Wl,-build-id=none -specs=Xilinx.spec -Wl,-T -Wl,../src/lscript.ld -L/home/zynq-user/Industri-University_Course/Git/Zynq-Learning/zynq-tutorials/zynqbook_chapter1/zynqbook_chapter1_platform/export/zynqbook_chapter1_platform/sw/zynqbook_chapter1_platform/standalone_domain/bsplib/lib -o "zynqbook_chapter1.elf"  ./src/LED_test_tut_1C.o   -Wl,--start-group,-lxil,-lgcc,-lc,--end-group
Finished building target: zynqbook_chapter1.elf
 
Invoking: ARM v7 Print Size
arm-none-eabi-size zynqbook_chapter1.elf  |tee "zynqbook_chapter1.elf.size"
   text	   data	    bss	    dec	    hex	filename
  23102	   1160	  22600	  46862	   b70e	zynqbook_chapter1.elf
Finished building: zynqbook_chapter1.elf.size
 
