13:34:54 **** Incremental Build of configuration Debug for project zynqbook_chapter2_app ****
make all 
make --no-print-directory pre-build
a9-linaro-pre-build-step
 
make --no-print-directory main-build
Building file: ../src/interrupt_counter_tut_2B.c
Invoking: ARM v7 gcc compiler
arm-none-eabi-gcc -Wall -O0 -g3 -c -fmessage-length=0 -MT"src/interrupt_counter_tut_2B.o" -mcpu=cortex-a9 -mfpu=vfpv3 -mfloat-abi=hard -I/home/zynq-user/Industri-University_Course/Git/Zynq-Learning/zynq-tutorials/zynqbook_chapter2/zynqbook_chapter2/export/zynqbook_chapter2/sw/zynqbook_chapter2/standalone_ps7_cortexa9_0/bspinclude/include -MMD -MP -MF"src/interrupt_counter_tut_2B.d" -MT"src/interrupt_counter_tut_2B.o" -o "src/interrupt_counter_tut_2B.o" "../src/interrupt_counter_tut_2B.c"
Finished building: ../src/interrupt_counter_tut_2B.c
 
Building target: zynqbook_chapter2_app.elf
Invoking: ARM v7 gcc linker
arm-none-eabi-gcc -mcpu=cortex-a9 -mfpu=vfpv3 -mfloat-abi=hard -Wl,-build-id=none -specs=Xilinx.spec -Wl,-T -Wl,../src/lscript.ld -L/home/zynq-user/Industri-University_Course/Git/Zynq-Learning/zynq-tutorials/zynqbook_chapter2/zynqbook_chapter2/export/zynqbook_chapter2/sw/zynqbook_chapter2/standalone_ps7_cortexa9_0/bsplib/lib -o "zynqbook_chapter2_app.elf"  ./src/interrupt_counter_tut_2B.o   -Wl,--start-group,-lxil,-lgcc,-lc,--end-group
Finished building target: zynqbook_chapter2_app.elf
 
Invoking: ARM v7 Print Size
arm-none-eabi-size zynqbook_chapter2_app.elf  |tee "zynqbook_chapter2_app.elf.size"
   text	   data	    bss	    dec	    hex	filename
  25538	   1952	  22648	  50138	   c3da	zynqbook_chapter2_app.elf
Finished building: zynqbook_chapter2_app.elf.size
 

13:34:55 Build Finished (took 627ms)

