Nothing to build in platform 'PL_PS_nand_wrapper'

20:31:33 **** Incremental Build of configuration Debug for project PL_PS_not ****
make all 
make --no-print-directory pre-build
a9-linaro-pre-build-step
 
make --no-print-directory main-build
Building file: ../src/helloworld.c
Invoking: ARM v7 gcc compiler
arm-none-eabi-gcc -Wall -O0 -g3 -c -fmessage-length=0 -MT"src/helloworld.o" -mcpu=cortex-a9 -mfpu=vfpv3 -mfloat-abi=hard -I/home/zynq-user/Industri-University_Course/PL_PS_nand/PL_PS_nand_wrapper/export/PL_PS_nand_wrapper/sw/PL_PS_nand_wrapper/standalone_ps7_cortexa9_0/bspinclude/include -MMD -MP -MF"src/helloworld.d" -MT"src/helloworld.o" -o "src/helloworld.o" "../src/helloworld.c"
Finished building: ../src/helloworld.c
 
Building target: PL_PS_not.elf
Invoking: ARM v7 gcc linker
arm-none-eabi-gcc -mcpu=cortex-a9 -mfpu=vfpv3 -mfloat-abi=hard -Wl,-build-id=none -specs=Xilinx.spec -Wl,-T -Wl,../src/lscript.ld -L/home/zynq-user/Industri-University_Course/PL_PS_nand/PL_PS_nand_wrapper/export/PL_PS_nand_wrapper/sw/PL_PS_nand_wrapper/standalone_ps7_cortexa9_0/bsplib/lib -o "PL_PS_not.elf"  ./src/helloworld.o ./src/platform.o   -Wl,--start-group,-lxil,-lgcc,-lc,--end-group
Finished building target: PL_PS_not.elf
 
Invoking: ARM v7 Print Size
arm-none-eabi-size PL_PS_not.elf  |tee "PL_PS_not.elf.size"
   text	   data	    bss	    dec	    hex	filename
  51831	   2580	  22640	  77051	  12cfb	PL_PS_not.elf
Finished building: PL_PS_not.elf.size
 
